// Jest Snapshot v1, https://goo.gl/fbAQLP

exports[`LegStops should render correctly 1`] = `
<div
  id="undefinedid"
/>
`;
