// Jest Snapshot v1, https://goo.gl/fbAQLP

exports[`SideDrawerButton should render correctly 1`] = `
<button
  className="bpk-button bpk-button--link"
  disabled={false}
  onClick={null}
  type="button"
>
  <span
    style={
      Object {
        "display": "inline-block",
        "lineHeight": "1.5rem",
        "marginTop": "0.1875rem",
        "verticalAlign": "top",
      }
    }
  >
    <svg
      height="24"
      style={
        Object {
          "height": "1.5rem",
          "width": "1.5rem",
        }
      }
      viewBox="0 0 24 24"
      width="24"
      xmlns="http://www.w3.org/2000/svg"
    >
      <path
        d="M20 8H4c-.6 0-1-.4-1-1s.4-1 1-1h16c.6 0 1 .4 1 1s-.4 1-1 1zm1 4c0-.6-.4-1-1-1H4c-.6 0-1 .4-1 1s.4 1 1 1h16c.6 0 1-.4 1-1zm0 5c0-.6-.4-1-1-1H4c-.6 0-1 .4-1 1s.4 1 1 1h16c.6 0 1-.4 1-1z"
      />
    </svg>
  </span>
</button>
`;
